exports[`test matches snapshot 1`] = `
<div
  className="selector"
  onClick={[Function]} />
`;
